✅ 热点信息缓存系统测试完成
